
==================================================================
 1. READ TECHNOLOGY LIBRARY  (sky130_fd_sc_hd, tt_025C_1v80)
==================================================================

 /----------------------------------------------------------------------------\
 |  yosys -- Yosys Open SYnthesis Suite                                       |
 |  Copyright (C) 2012 - 2026  Claire Xenia Wolf <claire@yosyshq.com>         |
 |  Distributed under an ISC-like license, type "license" to see terms        |
 \----------------------------------------------------------------------------/
 Yosys 0.67 (git sha1 2d1509d1b, Release, GNU /usr/bin/c++ 13.3.0)
[TCL: yosys -import] Command name collision: found pre-existing command `cd' -> skip.
[TCL: yosys -import] Command name collision: found pre-existing command `eval' -> skip.
[TCL: yosys -import] Command name collision: found pre-existing command `exec' -> skip.
[TCL: yosys -import] Command name collision: found pre-existing command `read' -> skip.
[TCL: yosys -import] Command name collision: found pre-existing command `trace' -> skip.

1. Executing Liberty frontend: /foss/pdks/sky130A/libs.ref/sky130_fd_sc_hd/lib/sky130_fd_sc_hd__tt_025C_1v80.lib

==================================================================
 2. READ RTL
==================================================================
Imported 428 cell types from liberty file.

2. Executing Verilog-2005 frontend: /foss/designs/pipeline_design/rtl/alu3_pipeline.sv

==================================================================
 3. HIGH-LEVEL SYNTHESIS  ->  synth -top alu3_pipeline
==================================================================
Parsing SystemVerilog input from `/foss/designs/pipeline_design/rtl/alu3_pipeline.sv' to AST representation.
Generating RTLIL representation for module `\alu3_pipeline'.
Successfully finished Verilog frontend.

3. Executing SYNTH pass.

3.1. Executing HIERARCHY pass (managing design hierarchy).

3.1.1. Analyzing design hierarchy..
Top module:  \alu3_pipeline

3.1.2. Analyzing design hierarchy..
Top module:  \alu3_pipeline
Removed 0 unused modules.

3.2. Executing PROC pass (convert processes to netlists).

3.2.1. Executing PROC_CLEAN pass (remove empty switches from decision trees).
Cleaned up 0 empty switches.

3.2.2. Executing PROC_RMDEAD pass (remove dead branches from decision trees).
Marked 1 switch rules as full_case in process $proc$/foss/designs/pipeline_design/rtl/alu3_pipeline.sv:88$14 in module alu3_pipeline.
Marked 1 switch rules as full_case in process $proc$/foss/designs/pipeline_design/rtl/alu3_pipeline.sv:75$12 in module alu3_pipeline.
Marked 1 switch rules as full_case in process $proc$/foss/designs/pipeline_design/rtl/alu3_pipeline.sv:40$1 in module alu3_pipeline.
Removed a total of 0 dead cases.

3.2.3. Executing PROC_PRUNE pass (remove redundant assignments in processes).
Removed 8 redundant assignments.
Promoted 1 assignment to connection.

3.2.4. Executing PROC_INIT pass (extract init attributes).

3.2.5. Executing PROC_ARST pass (detect async resets in processes).
Found async reset \rst_n in `\alu3_pipeline.$proc$/foss/designs/pipeline_design/rtl/alu3_pipeline.sv:88$14'.
Found async reset \rst_n in `\alu3_pipeline.$proc$/foss/designs/pipeline_design/rtl/alu3_pipeline.sv:75$12'.
Found async reset \rst_n in `\alu3_pipeline.$proc$/foss/designs/pipeline_design/rtl/alu3_pipeline.sv:40$1'.

3.2.6. Executing PROC_ROM pass (convert switches to ROMs).
Converted 0 switches.
<suppressed ~1 debug messages>

3.2.7. Executing PROC_MUX pass (convert decision trees to multiplexers).
Creating decoders for process `\alu3_pipeline.$proc$/foss/designs/pipeline_design/rtl/alu3_pipeline.sv:88$14'.
     1/2: $0\valid_out[0:0]
     2/2: $0\result[31:0]
Creating decoders for process `\alu3_pipeline.$proc$/foss/designs/pipeline_design/rtl/alu3_pipeline.sv:75$12'.
     1/2: $0\v2[0:0]
     2/2: $0\r2[31:0]
Creating decoders for process `\alu3_pipeline.$proc$/foss/designs/pipeline_design/rtl/alu3_pipeline.sv:59$3'.
     1/1: $1\alu_out[31:0]
Creating decoders for process `\alu3_pipeline.$proc$/foss/designs/pipeline_design/rtl/alu3_pipeline.sv:40$1'.
     1/4: $0\v1[0:0]
     2/4: $0\op1[2:0]
     3/4: $0\b1[31:0]
     4/4: $0\a1[31:0]

3.2.8. Executing PROC_DLATCH pass (convert process syncs to latches).
No latch inferred for signal `\alu3_pipeline.\alu_out' from process `\alu3_pipeline.$proc$/foss/designs/pipeline_design/rtl/alu3_pipeline.sv:59$3'.

3.2.9. Executing PROC_DFF pass (convert process syncs to FFs).
Creating register for signal `\alu3_pipeline.\valid_out' using process `\alu3_pipeline.$proc$/foss/designs/pipeline_design/rtl/alu3_pipeline.sv:88$14'.
  created $adff cell `$procdff$29' with positive edge clock and positive level reset.
Creating register for signal `\alu3_pipeline.\result' using process `\alu3_pipeline.$proc$/foss/designs/pipeline_design/rtl/alu3_pipeline.sv:88$14'.
  created $adff cell `$procdff$34' with positive edge clock and positive level reset.
Creating register for signal `\alu3_pipeline.\r2' using process `\alu3_pipeline.$proc$/foss/designs/pipeline_design/rtl/alu3_pipeline.sv:75$12'.
  created $adff cell `$procdff$39' with positive edge clock and positive level reset.
Creating register for signal `\alu3_pipeline.\v2' using process `\alu3_pipeline.$proc$/foss/designs/pipeline_design/rtl/alu3_pipeline.sv:75$12'.
  created $adff cell `$procdff$44' with positive edge clock and positive level reset.
Creating register for signal `\alu3_pipeline.\a1' using process `\alu3_pipeline.$proc$/foss/designs/pipeline_design/rtl/alu3_pipeline.sv:40$1'.
  created $adff cell `$procdff$49' with positive edge clock and positive level reset.
Creating register for signal `\alu3_pipeline.\b1' using process `\alu3_pipeline.$proc$/foss/designs/pipeline_design/rtl/alu3_pipeline.sv:40$1'.
  created $adff cell `$procdff$54' with positive edge clock and positive level reset.
Creating register for signal `\alu3_pipeline.\op1' using process `\alu3_pipeline.$proc$/foss/designs/pipeline_design/rtl/alu3_pipeline.sv:40$1'.
  created $adff cell `$procdff$59' with positive edge clock and positive level reset.
Creating register for signal `\alu3_pipeline.\v1' using process `\alu3_pipeline.$proc$/foss/designs/pipeline_design/rtl/alu3_pipeline.sv:40$1'.
  created $adff cell `$procdff$64' with positive edge clock and positive level reset.

3.2.10. Executing PROC_MEMWR pass (convert process memory writes to cells).

3.2.11. Executing PROC_CLEAN pass (remove empty switches from decision trees).
Removing empty process `alu3_pipeline.$proc$/foss/designs/pipeline_design/rtl/alu3_pipeline.sv:88$14'.
Removing empty process `alu3_pipeline.$proc$/foss/designs/pipeline_design/rtl/alu3_pipeline.sv:75$12'.
Found and cleaned up 1 empty switch in `\alu3_pipeline.$proc$/foss/designs/pipeline_design/rtl/alu3_pipeline.sv:59$3'.
Removing empty process `alu3_pipeline.$proc$/foss/designs/pipeline_design/rtl/alu3_pipeline.sv:59$3'.
Removing empty process `alu3_pipeline.$proc$/foss/designs/pipeline_design/rtl/alu3_pipeline.sv:40$1'.
Cleaned up 1 empty switch.

3.2.12. Executing OPT_EXPR pass (perform const folding).
Optimizing module alu3_pipeline.
<suppressed ~17 debug messages>

3.3. Executing OPT_EXPR pass (perform const folding).
Optimizing module alu3_pipeline.

3.4. Executing OPT_CLEAN pass (remove unused cells and wires).
Finding unused cells or wires in module \alu3_pipeline..
Removed 11 unused cells and 30 unused wires.
<suppressed ~12 debug messages>

3.5. Executing CHECK pass (checking for obvious problems).
Checking module alu3_pipeline...
Found and reported 0 problems.

3.6. Executing OPT pass (performing simple optimizations).

3.6.1. Executing OPT_EXPR pass (perform const folding).
Optimizing module alu3_pipeline.

3.6.2. Executing OPT_MERGE pass (detect identical cells).
Finding identical cells in module `\alu3_pipeline'.
Computing hashes of 24 cells of `\alu3_pipeline'.
Finding duplicate cells in `\alu3_pipeline'.
Removed a total of 0 cells.

3.6.3. Executing OPT_MUXTREE pass (detect dead branches in mux trees).
Running muxtree optimizer on module \alu3_pipeline..
  Creating internal representation of mux trees.
  Evaluating internal representation of mux trees.
  Analyzing evaluation results.
Removed 0 multiplexer ports.
<suppressed ~2 debug messages>

3.6.4. Executing OPT_REDUCE pass (consolidate $*mux and $reduce_* inputs).
  Optimizing cells in module \alu3_pipeline.
Performed a total of 0 changes.

3.6.5. Executing OPT_MERGE pass (detect identical cells).
Finding identical cells in module `\alu3_pipeline'.
Computing hashes of 24 cells of `\alu3_pipeline'.
Finding duplicate cells in `\alu3_pipeline'.
Removed a total of 0 cells.

3.6.6. Executing OPT_DFF pass (perform DFF optimizations).

3.6.7. Executing OPT_CLEAN pass (remove unused cells and wires).
Finding unused cells or wires in module \alu3_pipeline..

3.6.8. Executing OPT_EXPR pass (perform const folding).
Optimizing module alu3_pipeline.

3.6.9. Finished fast OPT passes. (There is nothing left to do.)

3.7. Executing FSM pass (extract and optimize FSM).

3.7.1. Executing FSM_DETECT pass (finding FSMs in design).

3.7.2. Executing FSM_EXTRACT pass (extracting FSM from design).

3.7.3. Executing FSM_OPT pass (simple optimizations of FSMs).

3.7.4. Executing OPT_CLEAN pass (remove unused cells and wires).
Finding unused cells or wires in module \alu3_pipeline..

3.7.5. Executing FSM_OPT pass (simple optimizations of FSMs).

3.7.6. Executing FSM_RECODE pass (re-assigning FSM state encoding).

3.7.7. Executing FSM_INFO pass (dumping all available information on FSM cells).

3.7.8. Executing FSM_MAP pass (mapping FSMs to basic logic).

3.8. Executing OPT pass (performing simple optimizations).

3.8.1. Executing OPT_EXPR pass (perform const folding).
Optimizing module alu3_pipeline.

3.8.2. Executing OPT_MERGE pass (detect identical cells).
Finding identical cells in module `\alu3_pipeline'.
Computing hashes of 24 cells of `\alu3_pipeline'.
Finding duplicate cells in `\alu3_pipeline'.
Removed a total of 0 cells.

3.8.3. Executing OPT_MUXTREE pass (detect dead branches in mux trees).
Running muxtree optimizer on module \alu3_pipeline..
  Creating internal representation of mux trees.
  Evaluating internal representation of mux trees.
  Analyzing evaluation results.
Removed 0 multiplexer ports.
<suppressed ~2 debug messages>

3.8.4. Executing OPT_REDUCE pass (consolidate $*mux and $reduce_* inputs).
  Optimizing cells in module \alu3_pipeline.
Performed a total of 0 changes.

3.8.5. Executing OPT_MERGE pass (detect identical cells).
Finding identical cells in module `\alu3_pipeline'.
Computing hashes of 24 cells of `\alu3_pipeline'.
Finding duplicate cells in `\alu3_pipeline'.
Removed a total of 0 cells.

3.8.6. Executing OPT_DFF pass (perform DFF optimizations).

3.8.7. Executing OPT_CLEAN pass (remove unused cells and wires).
Finding unused cells or wires in module \alu3_pipeline..

3.8.8. Executing OPT_EXPR pass (perform const folding).
Optimizing module alu3_pipeline.

3.8.9. Finished fast OPT passes. (There is nothing left to do.)

3.9. Executing WREDUCE pass (reducing word size of cells).
Removed top 1 bits (of 3) from port B of cell alu3_pipeline.$procmux$21_CMP0 ($eq).
Removed top 1 bits (of 3) from port B of cell alu3_pipeline.$procmux$22_CMP0 ($eq).
Removed top 2 bits (of 3) from port B of cell alu3_pipeline.$procmux$23_CMP0 ($eq).

3.10. Executing PEEPOPT pass (run peephole optimizers).

3.11. Executing OPT_CLEAN pass (remove unused cells and wires).
Finding unused cells or wires in module \alu3_pipeline..

3.12. Executing ALUMACC pass (create $alu and $macc cells).
Extracting $alu and $macc cells in module alu3_pipeline:
  creating $macc model for $sub$/foss/designs/pipeline_design/rtl/alu3_pipeline.sv:62$5 ($sub).
  creating $macc model for $add$/foss/designs/pipeline_design/rtl/alu3_pipeline.sv:61$4 ($add).
  creating $alu model for $macc $add$/foss/designs/pipeline_design/rtl/alu3_pipeline.sv:61$4.
  creating $alu model for $macc $sub$/foss/designs/pipeline_design/rtl/alu3_pipeline.sv:62$5.
  creating $alu model for $lt$/foss/designs/pipeline_design/rtl/alu3_pipeline.sv:66$9 ($lt): merged with $sub$/foss/designs/pipeline_design/rtl/alu3_pipeline.sv:62$5.
  creating $alu cell for $sub$/foss/designs/pipeline_design/rtl/alu3_pipeline.sv:62$5, $lt$/foss/designs/pipeline_design/rtl/alu3_pipeline.sv:66$9: $auto$alumacc.cc:512:replace_alu$65
  creating $alu cell for $add$/foss/designs/pipeline_design/rtl/alu3_pipeline.sv:61$4: $auto$alumacc.cc:512:replace_alu$72
  created 2 $alu and 0 $macc cells.

3.13. Executing SHARE pass (SAT-based resource sharing).
Found 2 cells in module alu3_pipeline that may be considered for resource sharing.
  Analyzing resource sharing options for $shl$/foss/designs/pipeline_design/rtl/alu3_pipeline.sv:67$10 ($shl):
    Found 1 activation_patterns using ctrl signal $procmux$18_CMP.
    No candidates found.
  Analyzing resource sharing options for $shr$/foss/designs/pipeline_design/rtl/alu3_pipeline.sv:68$11 ($shr):
    Found 1 activation_patterns using ctrl signal { $procmux$24_CMP $procmux$23_CMP $procmux$22_CMP $procmux$21_CMP $procmux$20_CMP $procmux$19_CMP $procmux$18_CMP }.
    No candidates found.

3.14. Executing OPT pass (performing simple optimizations).

3.14.1. Executing OPT_EXPR pass (perform const folding).
Optimizing module alu3_pipeline.

3.14.2. Executing OPT_MERGE pass (detect identical cells).
Finding identical cells in module `\alu3_pipeline'.
Computing hashes of 25 cells of `\alu3_pipeline'.
Finding duplicate cells in `\alu3_pipeline'.
Removed a total of 0 cells.

3.14.3. Executing OPT_MUXTREE pass (detect dead branches in mux trees).
Running muxtree optimizer on module \alu3_pipeline..
  Creating internal representation of mux trees.
  Evaluating internal representation of mux trees.
  Analyzing evaluation results.
Removed 0 multiplexer ports.
<suppressed ~2 debug messages>

3.14.4. Executing OPT_REDUCE pass (consolidate $*mux and $reduce_* inputs).
  Optimizing cells in module \alu3_pipeline.
Performed a total of 0 changes.

3.14.5. Executing OPT_MERGE pass (detect identical cells).
Finding identical cells in module `\alu3_pipeline'.
Computing hashes of 25 cells of `\alu3_pipeline'.
Finding duplicate cells in `\alu3_pipeline'.
Removed a total of 0 cells.

3.14.6. Executing OPT_DFF pass (perform DFF optimizations).

3.14.7. Executing OPT_CLEAN pass (remove unused cells and wires).
Finding unused cells or wires in module \alu3_pipeline..
Removed 0 unused cells and 1 unused wires.
<suppressed ~1 debug messages>

3.14.8. Executing OPT_EXPR pass (perform const folding).
Optimizing module alu3_pipeline.

3.14.9. Rerunning OPT passes. (Maybe there is more to do..)

3.14.10. Executing OPT_MUXTREE pass (detect dead branches in mux trees).
Running muxtree optimizer on module \alu3_pipeline..
  Creating internal representation of mux trees.
  Evaluating internal representation of mux trees.
  Analyzing evaluation results.
Removed 0 multiplexer ports.
<suppressed ~2 debug messages>

3.14.11. Executing OPT_REDUCE pass (consolidate $*mux and $reduce_* inputs).
  Optimizing cells in module \alu3_pipeline.
Performed a total of 0 changes.

3.14.12. Executing OPT_MERGE pass (detect identical cells).
Finding identical cells in module `\alu3_pipeline'.
Computing hashes of 25 cells of `\alu3_pipeline'.
Finding duplicate cells in `\alu3_pipeline'.
Removed a total of 0 cells.

3.14.13. Executing OPT_DFF pass (perform DFF optimizations).

3.14.14. Executing OPT_CLEAN pass (remove unused cells and wires).
Finding unused cells or wires in module \alu3_pipeline..

3.14.15. Executing OPT_EXPR pass (perform const folding).
Optimizing module alu3_pipeline.

3.14.16. Finished fast OPT passes. (There is nothing left to do.)

3.15. Executing MEMORY pass.

3.15.1. Executing OPT_MEM pass (optimize memories).
Performed a total of 0 transformations.

3.15.2. Executing OPT_MEM_PRIORITY pass (removing unnecessary memory write priority relations).
Performed a total of 0 transformations.

3.15.3. Executing OPT_MEM_FEEDBACK pass (finding memory read-to-write feedback paths).

3.15.4. Executing MEMORY_BMUX2ROM pass (converting muxes to ROMs).

3.15.5. Executing MEMORY_DFF pass (merging $dff cells to $memrd).

3.15.6. Executing OPT_CLEAN pass (remove unused cells and wires).
Finding unused cells or wires in module \alu3_pipeline..

3.15.7. Executing MEMORY_SHARE pass (consolidating $memrd/$memwr cells).

3.15.8. Executing OPT_MEM_WIDEN pass (optimize memories where all ports are wide).
Performed a total of 0 transformations.

3.15.9. Executing OPT_CLEAN pass (remove unused cells and wires).
Finding unused cells or wires in module \alu3_pipeline..

3.15.10. Executing MEMORY_COLLECT pass (generating $mem cells).

3.16. Executing OPT_CLEAN pass (remove unused cells and wires).
Finding unused cells or wires in module \alu3_pipeline..

3.17. Executing OPT pass (performing simple optimizations).

3.17.1. Executing OPT_EXPR pass (perform const folding).
Optimizing module alu3_pipeline.

3.17.2. Executing OPT_MERGE pass (detect identical cells).
Finding identical cells in module `\alu3_pipeline'.
Computing hashes of 25 cells of `\alu3_pipeline'.
Finding duplicate cells in `\alu3_pipeline'.
Removed a total of 0 cells.

3.17.3. Executing OPT_DFF pass (perform DFF optimizations).

3.17.4. Executing OPT_CLEAN pass (remove unused cells and wires).
Finding unused cells or wires in module \alu3_pipeline..

3.17.5. Finished fast OPT passes.

3.18. Executing MEMORY_MAP pass (converting memories to logic and flip-flops).

3.19. Executing OPT pass (performing simple optimizations).

3.19.1. Executing OPT_EXPR pass (perform const folding).
Optimizing module alu3_pipeline.

3.19.2. Executing OPT_MERGE pass (detect identical cells).
Finding identical cells in module `\alu3_pipeline'.
Computing hashes of 25 cells of `\alu3_pipeline'.
Finding duplicate cells in `\alu3_pipeline'.
Removed a total of 0 cells.

3.19.3. Executing OPT_MUXTREE pass (detect dead branches in mux trees).
Running muxtree optimizer on module \alu3_pipeline..
  Creating internal representation of mux trees.
  Evaluating internal representation of mux trees.
  Analyzing evaluation results.
Removed 0 multiplexer ports.
<suppressed ~2 debug messages>

3.19.4. Executing OPT_REDUCE pass (consolidate $*mux and $reduce_* inputs).
  Optimizing cells in module \alu3_pipeline.
Performed a total of 0 changes.

3.19.5. Executing OPT_MERGE pass (detect identical cells).
Finding identical cells in module `\alu3_pipeline'.
Computing hashes of 25 cells of `\alu3_pipeline'.
Finding duplicate cells in `\alu3_pipeline'.
Removed a total of 0 cells.

3.19.6. Executing OPT_SHARE pass.

3.19.7. Executing OPT_DFF pass (perform DFF optimizations).

3.19.8. Executing OPT_CLEAN pass (remove unused cells and wires).
Finding unused cells or wires in module \alu3_pipeline..

3.19.9. Executing OPT_EXPR pass (perform const folding).
Optimizing module alu3_pipeline.

3.19.10. Finished fast OPT passes. (There is nothing left to do.)

3.20. Executing TECHMAP pass (map to technology primitives).

3.20.1. Executing Verilog-2005 frontend: /foss/tools/yosys/bin/../share/yosys/techmap.v
Parsing Verilog input from `/foss/tools/yosys/bin/../share/yosys/techmap.v' to AST representation.
Generating RTLIL representation for module `\_90_simplemap_bool_ops'.
Generating RTLIL representation for module `\_90_simplemap_reduce_ops'.
Generating RTLIL representation for module `\_90_simplemap_logic_ops'.
Generating RTLIL representation for module `\_90_simplemap_compare_ops'.
Generating RTLIL representation for module `\_90_simplemap_various'.
Generating RTLIL representation for module `\_90_simplemap_registers'.
Generating RTLIL representation for module `\_90_shift_ops_shr_shl_sshl_sshr'.
Generating RTLIL representation for module `\_90_shift_shiftx'.
Generating RTLIL representation for module `\_90_fa'.
Generating RTLIL representation for module `\_90_lcu_brent_kung'.
Generating RTLIL representation for module `\_90_alu'.
Generating RTLIL representation for module `\_90_macc'.
Generating RTLIL representation for module `\_90_alumacc'.
Generating RTLIL representation for module `$__div_mod_u'.
Generating RTLIL representation for module `$__div_mod_trunc'.
Generating RTLIL representation for module `\_90_div'.
Generating RTLIL representation for module `\_90_mod'.
Generating RTLIL representation for module `$__div_mod_floor'.
Generating RTLIL representation for module `\_90_divfloor'.
Generating RTLIL representation for module `\_90_modfloor'.
Generating RTLIL representation for module `\_90_pow'.
Generating RTLIL representation for module `\_90_demux'.
Generating RTLIL representation for module `\_90_lut'.
Generating RTLIL representation for module `$connect'.
Generating RTLIL representation for module `$input_port'.
Successfully finished Verilog frontend.

3.20.2. Continuing TECHMAP pass.
Using template $paramod$fbc7873bff55778c0b3173955b7e4bce1d9d6834\_90_alu for cells of type $alu.
Using extmapper simplemap for cells of type $xor.
Using extmapper simplemap for cells of type $and.
Using extmapper simplemap for cells of type $or.
Using template $paramod$constmap:6111415c3ecfd9bb520e2072bfee38e7d8bfb139$paramod$335cfd09f1afa8139c4aafcbbe5f361887b79c5e\_90_shift_ops_shr_shl_sshl_sshr for cells of type $shl.
Using template $paramod$constmap:6111415c3ecfd9bb520e2072bfee38e7d8bfb139$paramod$feecc7a0dbd012970970f2858f15e786e251f677\_90_shift_ops_shr_shl_sshl_sshr for cells of type $shr.
Using extmapper simplemap for cells of type $eq.
Using extmapper simplemap for cells of type $pmux.
Using extmapper simplemap for cells of type $logic_not.
Using extmapper simplemap for cells of type $adff.
Using template $paramod\_90_fa\WIDTH=32'00000000000000000000000000100000 for cells of type $fa.
Using template $paramod\_90_lcu_brent_kung\WIDTH=32'00000000000000000000000000100000 for cells of type $lcu.
Using extmapper simplemap for cells of type $pos.
Using extmapper simplemap for cells of type $not.
No more expansions possible.
<suppressed ~1330 debug messages>

3.21. Executing OPT pass (performing simple optimizations).

3.21.1. Executing OPT_EXPR pass (perform const folding).
Optimizing module alu3_pipeline.
<suppressed ~343 debug messages>

3.21.2. Executing OPT_MERGE pass (detect identical cells).
Finding identical cells in module `\alu3_pipeline'.
Computing hashes of 1510 cells of `\alu3_pipeline'.
Finding duplicate cells in `\alu3_pipeline'.
Computing hashes of 1407 cells of `\alu3_pipeline'.
Finding duplicate cells in `\alu3_pipeline'.
Computing hashes of 1405 cells of `\alu3_pipeline'.
Finding duplicate cells in `\alu3_pipeline'.
<suppressed ~315 debug messages>
Removed a total of 105 cells.

3.21.3. Executing OPT_DFF pass (perform DFF optimizations).

3.21.4. Executing OPT_CLEAN pass (remove unused cells and wires).
Finding unused cells or wires in module \alu3_pipeline..
Removed 14 unused cells and 186 unused wires.
<suppressed ~15 debug messages>

3.21.5. Finished fast OPT passes.

3.22. Executing ABC pass (technology mapping using ABC).

3.22.1. Extracting gate netlist of module `\alu3_pipeline' to `<abc-temp-dir>/input.blif'..

3.22.1.1. Executed ABC.
Extracted 1257 gates and 1325 wires to a netlist network with 67 inputs and 32 outputs.
Running ABC script: <abc-temp-dir>/abc.script
ABC: UC Berkeley, ABC 1.01 (compiled Jul 27 2026 18:12:25)
ABC: abc 01> empty
ABC: abc 01> source <abc-temp-dir>/abc.script
ABC: + read_blif <abc-temp-dir>/input.blif 
ABC: + read_library <abc-temp-dir>/stdcells.genlib 
ABC: + strash 
ABC: + &get -n 
ABC: + &fraig -x 
ABC: + &put 
ABC: + scorr 
ABC: Warning: The network is combinational (run "fraig" or "fraig_sweep").
ABC: + dc2 
ABC: + dretime 
ABC: + strash 
ABC: + &get -n 
ABC: + &dch -f 
ABC: + &nf 
ABC: + &put 
ABC: + write_blif <abc-temp-dir>/output.blif 
ABC: 
ABC: YOSYS_ABC_DONE 

3.22.1.2. Re-integrating ABC results.
ABC RESULTS:               AND cells:      313
ABC RESULTS:            ANDNOT cells:       19
ABC RESULTS:               MUX cells:      214
ABC RESULTS:              NAND cells:      385
ABC RESULTS:               NOR cells:        4
ABC RESULTS:               NOT cells:        9
ABC RESULTS:                OR cells:       85
ABC RESULTS:             ORNOT cells:       84
ABC RESULTS:              XNOR cells:       13
ABC RESULTS:               XOR cells:       22
ABC RESULTS:        internal signals:     1226
ABC RESULTS:           input signals:       67
ABC RESULTS:          output signals:       32
Removing temp directory.
Removing global temp directory.

3.23. Executing OPT pass (performing simple optimizations).

3.23.1. Executing OPT_EXPR pass (perform const folding).
Optimizing module alu3_pipeline.
<suppressed ~53 debug messages>

3.23.2. Executing OPT_MERGE pass (detect identical cells).
Finding identical cells in module `\alu3_pipeline'.
Computing hashes of 1282 cells of `\alu3_pipeline'.
Finding duplicate cells in `\alu3_pipeline'.
Removed a total of 0 cells.

3.23.3. Executing OPT_DFF pass (perform DFF optimizations).

3.23.4. Executing OPT_CLEAN pass (remove unused cells and wires).
Finding unused cells or wires in module \alu3_pipeline..
Removed 0 unused cells and 610 unused wires.
<suppressed ~1 debug messages>

3.23.5. Finished fast OPT passes.

3.24. Executing HIERARCHY pass (managing design hierarchy).
Attribute `top' found on module `alu3_pipeline'. Setting top module to alu3_pipeline.

3.24.1. Analyzing design hierarchy..
Top module:  \alu3_pipeline

3.24.2. Analyzing design hierarchy..
Top module:  \alu3_pipeline
Removed 0 unused modules.

3.25. Printing statistics.

=== alu3_pipeline ===

        +----------Local Count, excluding submodules.
        | 
     1131 wires
     1352 wire bits
       15 public wires
      236 public wire bits
        8 ports
      103 port bits
     1282 cells
       19   $_ANDNOT_
      313   $_AND_
      134   $_DFF_PN0_
      214   $_MUX_
      385   $_NAND_
        4   $_NOR_
        9   $_NOT_
       84   $_ORNOT_
       85   $_OR_
       13   $_XNOR_
       22   $_XOR_

3.26. Executing CHECK pass (checking for obvious problems).
Checking module alu3_pipeline...
Found and reported 0 problems.

==================================================================
 4. MAP FLIP-FLOPS  ->  dfflibmap -liberty
==================================================================

4. Executing DFFLIBMAP pass (mapping DFF cells to sequential cells from liberty file).
  cell sky130_fd_sc_hd__dfxtp_1 (noninv, pins=3, area=20.02) is a direct match for cell type $_DFF_P_.
  cell sky130_fd_sc_hd__dfrtn_1 (noninv, pins=4, area=25.02) is a direct match for cell type $_DFF_NN0_.
  cell sky130_fd_sc_hd__dfrtp_1 (noninv, pins=4, area=25.02) is a direct match for cell type $_DFF_PN0_.
  cell sky130_fd_sc_hd__dfstp_2 (noninv, pins=4, area=26.28) is a direct match for cell type $_DFF_PN1_.
  cell sky130_fd_sc_hd__edfxtp_1 (noninv, pins=4, area=30.03) is a direct match for cell type $_DFFE_PP_.
  cell sky130_fd_sc_hd__dfbbn_1 (noninv, pins=6, area=32.53) is a direct match for cell type $_DFFSR_NNN_.
  cell sky130_fd_sc_hd__dfbbp_1 (noninv, pins=6, area=32.53) is a direct match for cell type $_DFFSR_PNN_.
  final dff cell mappings:
    unmapped dff cell: $_DFF_N_
    \sky130_fd_sc_hd__dfxtp_1 _DFF_P_ (.CLK( C), .D( D), .Q( Q));
    \sky130_fd_sc_hd__dfrtn_1 _DFF_NN0_ (.CLK_N( C), .D( D), .Q( Q), .RESET_B( R));
    unmapped dff cell: $_DFF_NN1_
    unmapped dff cell: $_DFF_NP0_
    unmapped dff cell: $_DFF_NP1_
    \sky130_fd_sc_hd__dfrtp_1 _DFF_PN0_ (.CLK( C), .D( D), .Q( Q), .RESET_B( R));
    \sky130_fd_sc_hd__dfstp_2 _DFF_PN1_ (.CLK( C), .D( D), .Q( Q), .SET_B( R));
    unmapped dff cell: $_DFF_PP0_
    unmapped dff cell: $_DFF_PP1_
    unmapped dff cell: $_DFFE_NN_
    unmapped dff cell: $_DFFE_NP_
    unmapped dff cell: $_DFFE_PN_
    \sky130_fd_sc_hd__edfxtp_1 _DFFE_PP_ (.CLK( C), .D( D), .DE( E), .Q( Q));
    \sky130_fd_sc_hd__dfbbn_1 _DFFSR_NNN_ (.CLK_N( C), .D( D), .Q( Q), .Q_N(~Q), .RESET_B( R), .SET_B( S));
    unmapped dff cell: $_DFFSR_NNP_
    unmapped dff cell: $_DFFSR_NPN_
    unmapped dff cell: $_DFFSR_NPP_
    \sky130_fd_sc_hd__dfbbp_1 _DFFSR_PNN_ (.CLK( C), .D( D), .Q( Q), .Q_N(~Q), .RESET_B( R), .SET_B( S));
    unmapped dff cell: $_DFFSR_PNP_
    unmapped dff cell: $_DFFSR_PPN_
    unmapped dff cell: $_DFFSR_PPP_

4.1. Executing DFFLEGALIZE pass (convert FFs to types supported by the target).
<suppressed ~24 debug messages>
Mapping DFF cells in module `\alu3_pipeline':
  mapped 134 $_DFF_PN0_ cells to \sky130_fd_sc_hd__dfrtp_1 cells.

==================================================================
 5. MAP COMBINATIONAL LOGIC  ->  abc -liberty
==================================================================

5. Executing ABC pass (technology mapping using ABC).

5.1. Extracting gate netlist of module `\alu3_pipeline' to `<abc-temp-dir>/input.blif'..
ABC: using cached merged SCL: /tmp/yosys-liberty-scl-cache/yosys_merged_80473efe.scl (1 files)

5.1.1. Executed ABC.
Extracted 1148 gates and 1215 wires to a netlist network with 67 inputs and 32 outputs.
Running ABC script: <abc-temp-dir>/abc.script
ABC: UC Berkeley, ABC 1.01 (compiled Jul 27 2026 18:12:25)
ABC: abc 01> empty
ABC: abc 01> source <abc-temp-dir>/abc.script
ABC: + read_blif <abc-temp-dir>/input.blif 
ABC: + read_scl /tmp/yosys-liberty-scl-cache/yosys_merged_80473efe.scl 
ABC: Warning: Detected 9 multi-output cells (for example, "sky130_fd_sc_hd__fa_1").
ABC: + strash 
ABC: + &get -n 
ABC: + &fraig -x 
ABC: + &put 
ABC: + scorr 
ABC: Warning: The network is combinational (run "fraig" or "fraig_sweep").
ABC: + dc2 
ABC: + dretime 
ABC: + strash 
ABC: + &get -n 
ABC: + &dch -f 
ABC: + &nf 
ABC: + &put 
ABC: + write_blif <abc-temp-dir>/output.blif 
ABC: 
ABC: YOSYS_ABC_DONE 

5.1.2. Re-integrating ABC results.
ABC RESULTS:   sky130_fd_sc_hd__a2111oi_0 cells:        3
ABC RESULTS:   sky130_fd_sc_hd__a211o_1 cells:        5
ABC RESULTS:   sky130_fd_sc_hd__a211oi_1 cells:       12
ABC RESULTS:   sky130_fd_sc_hd__a21boi_0 cells:        3
ABC RESULTS:   sky130_fd_sc_hd__a21o_1 cells:        4
ABC RESULTS:   sky130_fd_sc_hd__a21oi_1 cells:      166
ABC RESULTS:   sky130_fd_sc_hd__a221o_1 cells:        2
ABC RESULTS:   sky130_fd_sc_hd__a221oi_1 cells:       10
ABC RESULTS:   sky130_fd_sc_hd__a22o_1 cells:        3
ABC RESULTS:   sky130_fd_sc_hd__a22oi_1 cells:        5
ABC RESULTS:   sky130_fd_sc_hd__a311oi_1 cells:        4
ABC RESULTS:   sky130_fd_sc_hd__a31o_1 cells:        1
ABC RESULTS:   sky130_fd_sc_hd__a31oi_1 cells:        5
ABC RESULTS:   sky130_fd_sc_hd__a32oi_1 cells:        1
ABC RESULTS:   sky130_fd_sc_hd__a41o_1 cells:        1
ABC RESULTS:   sky130_fd_sc_hd__and2_0 cells:       16
ABC RESULTS:   sky130_fd_sc_hd__and3_1 cells:        1
ABC RESULTS:   sky130_fd_sc_hd__clkinv_1 cells:       29
ABC RESULTS:   sky130_fd_sc_hd__lpflow_inputiso1p_1 cells:       16
ABC RESULTS:   sky130_fd_sc_hd__lpflow_isobufsrc_1 cells:       22
ABC RESULTS:   sky130_fd_sc_hd__maj3_1 cells:       11
ABC RESULTS:   sky130_fd_sc_hd__mux2_1 cells:       10
ABC RESULTS:   sky130_fd_sc_hd__mux2i_1 cells:       31
ABC RESULTS:   sky130_fd_sc_hd__nand2_1 cells:      135
ABC RESULTS:   sky130_fd_sc_hd__nand2b_1 cells:       24
ABC RESULTS:   sky130_fd_sc_hd__nand3_1 cells:       17
ABC RESULTS:   sky130_fd_sc_hd__nand4_1 cells:        4
ABC RESULTS:   sky130_fd_sc_hd__nand4b_1 cells:        1
ABC RESULTS:   sky130_fd_sc_hd__nor2_1 cells:      118
ABC RESULTS:   sky130_fd_sc_hd__nor2b_1 cells:        4
ABC RESULTS:   sky130_fd_sc_hd__nor3_1 cells:       30
ABC RESULTS:   sky130_fd_sc_hd__nor3b_1 cells:        2
ABC RESULTS:   sky130_fd_sc_hd__nor4_1 cells:        4
ABC RESULTS:   sky130_fd_sc_hd__o2111ai_1 cells:        2
ABC RESULTS:   sky130_fd_sc_hd__o211ai_1 cells:       13
ABC RESULTS:   sky130_fd_sc_hd__o21a_1 cells:        7
ABC RESULTS:   sky130_fd_sc_hd__o21ai_0 cells:      137
ABC RESULTS:   sky130_fd_sc_hd__o21bai_1 cells:        2
ABC RESULTS:   sky130_fd_sc_hd__o221ai_1 cells:       10
ABC RESULTS:   sky130_fd_sc_hd__o22ai_1 cells:       19
ABC RESULTS:   sky130_fd_sc_hd__o2bb2ai_1 cells:        2
ABC RESULTS:   sky130_fd_sc_hd__o311ai_0 cells:        5
ABC RESULTS:   sky130_fd_sc_hd__o31ai_1 cells:        7
ABC RESULTS:   sky130_fd_sc_hd__o32ai_1 cells:        1
ABC RESULTS:   sky130_fd_sc_hd__o41ai_1 cells:        1
ABC RESULTS:   sky130_fd_sc_hd__or3_1 cells:        3
ABC RESULTS:   sky130_fd_sc_hd__or3b_1 cells:        1
ABC RESULTS:   sky130_fd_sc_hd__or4_1 cells:        1
ABC RESULTS:   sky130_fd_sc_hd__xnor2_1 cells:       23
ABC RESULTS:   sky130_fd_sc_hd__xor2_1 cells:       10
ABC RESULTS:        internal signals:     1116
ABC RESULTS:           input signals:       67
ABC RESULTS:          output signals:       32
Removing temp directory.
Removing global temp directory.

6. Executing OPT_CLEAN pass (remove unused cells and wires).
Finding unused cells or wires in module \alu3_pipeline..
Removed 0 unused cells and 1215 unused wires.

==================================================================
 6. GATE-LEVEL STATISTICS  ->  stat -liberty
==================================================================
<suppressed ~1 debug messages>

7. Printing statistics.

==================================================================
 7. CONSISTENCY CHECK  ->  check
==================================================================

=== alu3_pipeline ===

        +----------Local Count, excluding submodules.
        |        +-Local Area, excluding submodules.
        |        | 
      927        - wires
     1148        - wire bits
       15        - public wires
      236        - public wire bits
        8        - ports
      103        - port bits
     1078  8612.01 cells
        3   26.275   sky130_fd_sc_hd__a2111oi_0
        5   43.792   sky130_fd_sc_hd__a211o_1
       12   90.086   sky130_fd_sc_hd__a211oi_1
        3   22.522   sky130_fd_sc_hd__a21boi_0
        4   30.029   sky130_fd_sc_hd__a21o_1
      166  830.797   sky130_fd_sc_hd__a21oi_1
        2   20.019   sky130_fd_sc_hd__a221o_1
       10   87.584   sky130_fd_sc_hd__a221oi_1
        3   26.275   sky130_fd_sc_hd__a22o_1
        5   37.536   sky130_fd_sc_hd__a22oi_1
        4   35.034   sky130_fd_sc_hd__a311oi_1
        1    8.758   sky130_fd_sc_hd__a31o_1
        5    31.28   sky130_fd_sc_hd__a31oi_1
        1    8.758   sky130_fd_sc_hd__a32oi_1
        1    10.01   sky130_fd_sc_hd__a41o_1
       16  100.096   sky130_fd_sc_hd__and2_0
        1    6.256   sky130_fd_sc_hd__and3_1
       29  108.854   sky130_fd_sc_hd__clkinv_1
      134 3.35E+03   sky130_fd_sc_hd__dfrtp_1
       16  100.096   sky130_fd_sc_hd__lpflow_inputiso1p_1
       22  137.632   sky130_fd_sc_hd__lpflow_isobufsrc_1
       11  110.106   sky130_fd_sc_hd__maj3_1
       10  112.608   sky130_fd_sc_hd__mux2_1
       31  310.298   sky130_fd_sc_hd__mux2i_1
      135  506.736   sky130_fd_sc_hd__nand2_1
       24  150.144   sky130_fd_sc_hd__nand2b_1
       17   85.082   sky130_fd_sc_hd__nand3_1
        4   25.024   sky130_fd_sc_hd__nand4_1
        1    8.758   sky130_fd_sc_hd__nand4b_1
      118  442.925   sky130_fd_sc_hd__nor2_1
        4   25.024   sky130_fd_sc_hd__nor2b_1
       30  150.144   sky130_fd_sc_hd__nor3_1
        2   15.014   sky130_fd_sc_hd__nor3b_1
        4   25.024   sky130_fd_sc_hd__nor4_1
        2   17.517   sky130_fd_sc_hd__o2111ai_1
       13   97.594   sky130_fd_sc_hd__o211ai_1
        7    52.55   sky130_fd_sc_hd__o21a_1
      137  685.658   sky130_fd_sc_hd__o21ai_0
        2   15.014   sky130_fd_sc_hd__o21bai_1
       10   87.584   sky130_fd_sc_hd__o221ai_1
       19  118.864   sky130_fd_sc_hd__o22ai_1
        2   17.517   sky130_fd_sc_hd__o2bb2ai_1
        5   43.792   sky130_fd_sc_hd__o311ai_0
        7    52.55   sky130_fd_sc_hd__o31ai_1
        1    8.758   sky130_fd_sc_hd__o32ai_1
        1    8.758   sky130_fd_sc_hd__o41ai_1
        3   18.768   sky130_fd_sc_hd__or3_1
        1    8.758   sky130_fd_sc_hd__or3b_1
        1    7.507   sky130_fd_sc_hd__or4_1
       23  201.443   sky130_fd_sc_hd__xnor2_1
       10   87.584   sky130_fd_sc_hd__xor2_1

   Chip area for module '\alu3_pipeline': 8612.009600
     of which used for sequential elements: 3353.216000 (38.94%)

8. Executing CHECK pass (checking for obvious problems).

==================================================================
 8. WRITE GATE-LEVEL NETLIST
==================================================================
Checking module alu3_pipeline...
Found and reported 0 problems.

9. Executing Verilog backend.

9.1. Executing BMUXMAP pass.

9.2. Executing DEMUXMAP pass.
Dumping module `\alu3_pipeline'.

10. Executing JSON backend.

Synthesis complete. Netlist written to: /foss/designs/pipeline_design/output/synth/alu3_pipeline_synth.v

End of script. Logfile hash: ead9c70bee, time: 1.72s, user: 0.71s, system: 0.29s, MEM: 70.89 MB peak
Yosys 0.67 (git sha1 2d1509d1b, Release, GNU /usr/bin/c++ 13.3.0)
Time spent: 43% 2x abc (0 sec), 8% 16x opt_clean (0 sec), ...
